<html>
<body>
<form wicket:id="form" id="form1" method="post" action="./org.apache.wicket.stateless.StatelessPageWithForm?-1.-form&amp;first=foo&amp;second=bar"></form>
</body>
</html>